[1.602s] Invoking command in '/home/jaygee/PicoWCar/src/pi5_nodes/smolvla_node': DEBUGINFOD_URLS=https://debuginfod.ubuntu.com PYTHONPATH=/home/jaygee/PicoWCar/build/smolvla_node/prefix_override:/usr/lib/python3/dist-packages/colcon_core/task/python/colcon_distutils_commands:/home/jaygee/PicoWCar/install/smolvla_node/lib/python3.12/site-packages:${PYTHONPATH} /usr/bin/python3 -W ignore:setup.py install is deprecated -W ignore:easy_install command is deprecated setup.py egg_info --egg-base ../../../build/smolvla_node build --build-base /home/jaygee/PicoWCar/build/smolvla_node/build install --record /home/jaygee/PicoWCar/build/smolvla_node/install.log --single-version-externally-managed install_data
[1.980s] running egg_info
[1.981s] creating ../../../build/smolvla_node/smolvla_node.egg-info
[2.007s] writing ../../../build/smolvla_node/smolvla_node.egg-info/PKG-INFO
[2.007s] writing dependency_links to ../../../build/smolvla_node/smolvla_node.egg-info/dependency_links.txt
[2.007s] writing requirements to ../../../build/smolvla_node/smolvla_node.egg-info/requires.txt
[2.007s] writing top-level names to ../../../build/smolvla_node/smolvla_node.egg-info/top_level.txt
[2.008s] writing manifest file '../../../build/smolvla_node/smolvla_node.egg-info/SOURCES.txt'
[2.061s] reading manifest file '../../../build/smolvla_node/smolvla_node.egg-info/SOURCES.txt'
[2.062s] writing manifest file '../../../build/smolvla_node/smolvla_node.egg-info/SOURCES.txt'
[2.062s] running build
[2.062s] running build_py
[2.062s] creating /home/jaygee/PicoWCar/build/smolvla_node/build
[2.062s] creating /home/jaygee/PicoWCar/build/smolvla_node/build/lib
[2.063s] creating /home/jaygee/PicoWCar/build/smolvla_node/build/lib/smolvla_node
[2.063s] copying smolvla_node/__init__.py -> /home/jaygee/PicoWCar/build/smolvla_node/build/lib/smolvla_node
[2.063s] running install
[2.073s] running install_lib
[2.099s] creating /home/jaygee/PicoWCar/install/smolvla_node/lib/python3.12/site-packages/smolvla_node
[2.099s] copying /home/jaygee/PicoWCar/build/smolvla_node/build/lib/smolvla_node/__init__.py -> /home/jaygee/PicoWCar/install/smolvla_node/lib/python3.12/site-packages/smolvla_node
[2.100s] byte-compiling /home/jaygee/PicoWCar/install/smolvla_node/lib/python3.12/site-packages/smolvla_node/__init__.py to __init__.cpython-312.pyc
[2.100s] running install_data
[2.100s] creating /home/jaygee/PicoWCar/install/smolvla_node/share/ament_index
[2.100s] creating /home/jaygee/PicoWCar/install/smolvla_node/share/ament_index/resource_index
[2.100s] creating /home/jaygee/PicoWCar/install/smolvla_node/share/ament_index/resource_index/packages
[2.100s] copying resource/smolvla_node -> /home/jaygee/PicoWCar/install/smolvla_node/share/ament_index/resource_index/packages
[2.101s] copying package.xml -> /home/jaygee/PicoWCar/install/smolvla_node/share/smolvla_node
[2.101s] running install_egg_info
[2.130s] Copying ../../../build/smolvla_node/smolvla_node.egg-info to /home/jaygee/PicoWCar/install/smolvla_node/lib/python3.12/site-packages/smolvla_node-0.0.0-py3.12.egg-info
[2.131s] running install_scripts
[2.319s] writing list of installed files to '/home/jaygee/PicoWCar/build/smolvla_node/install.log'
[2.424s] Invoked command in '/home/jaygee/PicoWCar/src/pi5_nodes/smolvla_node' returned '0': DEBUGINFOD_URLS=https://debuginfod.ubuntu.com PYTHONPATH=/home/jaygee/PicoWCar/build/smolvla_node/prefix_override:/usr/lib/python3/dist-packages/colcon_core/task/python/colcon_distutils_commands:/home/jaygee/PicoWCar/install/smolvla_node/lib/python3.12/site-packages:${PYTHONPATH} /usr/bin/python3 -W ignore:setup.py install is deprecated -W ignore:easy_install command is deprecated setup.py egg_info --egg-base ../../../build/smolvla_node build --build-base /home/jaygee/PicoWCar/build/smolvla_node/build install --record /home/jaygee/PicoWCar/build/smolvla_node/install.log --single-version-externally-managed install_data
