[1.206s] Invoking command in '/home/jaygee/PicoWCar/src/pi5_pkg': DEBUGINFOD_URLS=https://debuginfod.ubuntu.com PYTHONPATH=/home/jaygee/PicoWCar/build/pi5_pkg/prefix_override:/usr/lib/python3/dist-packages/colcon_core/task/python/colcon_distutils_commands:/home/jaygee/PicoWCar/install/pi5_pkg/lib/python3.12/site-packages:${PYTHONPATH} /usr/bin/python3 -W ignore:setup.py install is deprecated -W ignore:easy_install command is deprecated setup.py egg_info --egg-base ../../build/pi5_pkg build --build-base /home/jaygee/PicoWCar/build/pi5_pkg/build install --record /home/jaygee/PicoWCar/build/pi5_pkg/install.log --single-version-externally-managed install_data
[1.575s] running egg_info
[1.600s] writing ../../build/pi5_pkg/pi5_pkg.egg-info/PKG-INFO
[1.600s] writing dependency_links to ../../build/pi5_pkg/pi5_pkg.egg-info/dependency_links.txt
[1.603s] writing entry points to ../../build/pi5_pkg/pi5_pkg.egg-info/entry_points.txt
[1.603s] writing requirements to ../../build/pi5_pkg/pi5_pkg.egg-info/requires.txt
[1.604s] writing top-level names to ../../build/pi5_pkg/pi5_pkg.egg-info/top_level.txt
[1.659s] reading manifest file '../../build/pi5_pkg/pi5_pkg.egg-info/SOURCES.txt'
[1.660s] writing manifest file '../../build/pi5_pkg/pi5_pkg.egg-info/SOURCES.txt'
[1.661s] running build
[1.661s] running build_py
[1.661s] running install
[1.670s] running install_lib
[1.698s] running install_data
[1.698s] running install_egg_info
[1.725s] removing '/home/jaygee/PicoWCar/install/pi5_pkg/lib/python3.12/site-packages/pi5_pkg-0.0.0-py3.12.egg-info' (and everything under it)
[1.726s] Copying ../../build/pi5_pkg/pi5_pkg.egg-info to /home/jaygee/PicoWCar/install/pi5_pkg/lib/python3.12/site-packages/pi5_pkg-0.0.0-py3.12.egg-info
[1.727s] running install_scripts
[1.910s] Installing camera_node script to /home/jaygee/PicoWCar/install/pi5_pkg/lib/pi5_pkg
[1.911s] writing list of installed files to '/home/jaygee/PicoWCar/build/pi5_pkg/install.log'
[1.988s] Invoked command in '/home/jaygee/PicoWCar/src/pi5_pkg' returned '0': DEBUGINFOD_URLS=https://debuginfod.ubuntu.com PYTHONPATH=/home/jaygee/PicoWCar/build/pi5_pkg/prefix_override:/usr/lib/python3/dist-packages/colcon_core/task/python/colcon_distutils_commands:/home/jaygee/PicoWCar/install/pi5_pkg/lib/python3.12/site-packages:${PYTHONPATH} /usr/bin/python3 -W ignore:setup.py install is deprecated -W ignore:easy_install command is deprecated setup.py egg_info --egg-base ../../build/pi5_pkg build --build-base /home/jaygee/PicoWCar/build/pi5_pkg/build install --record /home/jaygee/PicoWCar/build/pi5_pkg/install.log --single-version-externally-managed install_data
