running egg_info
writing ../../../build/pi_camera_node/pi_camera_node.egg-info/PKG-INFO
writing dependency_links to ../../../build/pi_camera_node/pi_camera_node.egg-info/dependency_links.txt
writing requirements to ../../../build/pi_camera_node/pi_camera_node.egg-info/requires.txt
writing top-level names to ../../../build/pi_camera_node/pi_camera_node.egg-info/top_level.txt
reading manifest file '../../../build/pi_camera_node/pi_camera_node.egg-info/SOURCES.txt'
writing manifest file '../../../build/pi_camera_node/pi_camera_node.egg-info/SOURCES.txt'
running build
running build_py
running install
running install_lib
creating /home/jaygee/PicoWCar/install/pi_camera_node/lib/python3.12/site-packages/pi_camera_node
copying /home/jaygee/PicoWCar/build/pi_camera_node/build/lib/pi_camera_node/__init__.py -> /home/jaygee/PicoWCar/install/pi_camera_node/lib/python3.12/site-packages/pi_camera_node
byte-compiling /home/jaygee/PicoWCar/install/pi_camera_node/lib/python3.12/site-packages/pi_camera_node/__init__.py to __init__.cpython-312.pyc
running install_data
creating /home/jaygee/PicoWCar/install/pi_camera_node/share/ament_index
creating /home/jaygee/PicoWCar/install/pi_camera_node/share/ament_index/resource_index
creating /home/jaygee/PicoWCar/install/pi_camera_node/share/ament_index/resource_index/packages
copying resource/pi_camera_node -> /home/jaygee/PicoWCar/install/pi_camera_node/share/ament_index/resource_index/packages
copying package.xml -> /home/jaygee/PicoWCar/install/pi_camera_node/share/pi_camera_node
running install_egg_info
Copying ../../../build/pi_camera_node/pi_camera_node.egg-info to /home/jaygee/PicoWCar/install/pi_camera_node/lib/python3.12/site-packages/pi_camera_node-0.0.0-py3.12.egg-info
running install_scripts
writing list of installed files to '/home/jaygee/PicoWCar/build/pi_camera_node/install.log'
