[2.421s] Invoking command in '/home/jaygee/PicoWCar/docs/pi5_nodes/pi_camera_node': DEBUGINFOD_URLS=https://debuginfod.ubuntu.com PYTHONPATH=/home/jaygee/PicoWCar/build/pi_camera_node/prefix_override:/usr/lib/python3/dist-packages/colcon_core/task/python/colcon_distutils_commands:/home/jaygee/PicoWCar/install/pi_camera_node/lib/python3.12/site-packages:${PYTHONPATH} /usr/bin/python3 -W ignore:setup.py install is deprecated -W ignore:easy_install command is deprecated setup.py egg_info --egg-base ../../../build/pi_camera_node build --build-base /home/jaygee/PicoWCar/build/pi_camera_node/build install --record /home/jaygee/PicoWCar/build/pi_camera_node/install.log --single-version-externally-managed install_data
[2.879s] running egg_info
[2.906s] writing ../../../build/pi_camera_node/pi_camera_node.egg-info/PKG-INFO
[2.907s] writing dependency_links to ../../../build/pi_camera_node/pi_camera_node.egg-info/dependency_links.txt
[2.909s] writing requirements to ../../../build/pi_camera_node/pi_camera_node.egg-info/requires.txt
[2.909s] writing top-level names to ../../../build/pi_camera_node/pi_camera_node.egg-info/top_level.txt
[2.968s] reading manifest file '../../../build/pi_camera_node/pi_camera_node.egg-info/SOURCES.txt'
[2.969s] writing manifest file '../../../build/pi_camera_node/pi_camera_node.egg-info/SOURCES.txt'
[2.969s] running build
[2.969s] running build_py
[2.970s] running install
[2.980s] running install_lib
[3.008s] creating /home/jaygee/PicoWCar/install/pi_camera_node/lib/python3.12/site-packages/pi_camera_node
[3.008s] copying /home/jaygee/PicoWCar/build/pi_camera_node/build/lib/pi_camera_node/__init__.py -> /home/jaygee/PicoWCar/install/pi_camera_node/lib/python3.12/site-packages/pi_camera_node
[3.009s] byte-compiling /home/jaygee/PicoWCar/install/pi_camera_node/lib/python3.12/site-packages/pi_camera_node/__init__.py to __init__.cpython-312.pyc
[3.010s] running install_data
[3.013s] creating /home/jaygee/PicoWCar/install/pi_camera_node/share/ament_index
[3.013s] creating /home/jaygee/PicoWCar/install/pi_camera_node/share/ament_index/resource_index
[3.013s] creating /home/jaygee/PicoWCar/install/pi_camera_node/share/ament_index/resource_index/packages
[3.013s] copying resource/pi_camera_node -> /home/jaygee/PicoWCar/install/pi_camera_node/share/ament_index/resource_index/packages
[3.013s] copying package.xml -> /home/jaygee/PicoWCar/install/pi_camera_node/share/pi_camera_node
[3.013s] running install_egg_info
[3.041s] Copying ../../../build/pi_camera_node/pi_camera_node.egg-info to /home/jaygee/PicoWCar/install/pi_camera_node/lib/python3.12/site-packages/pi_camera_node-0.0.0-py3.12.egg-info
[3.043s] running install_scripts
[3.251s] writing list of installed files to '/home/jaygee/PicoWCar/build/pi_camera_node/install.log'
[3.395s] Invoked command in '/home/jaygee/PicoWCar/docs/pi5_nodes/pi_camera_node' returned '0': DEBUGINFOD_URLS=https://debuginfod.ubuntu.com PYTHONPATH=/home/jaygee/PicoWCar/build/pi_camera_node/prefix_override:/usr/lib/python3/dist-packages/colcon_core/task/python/colcon_distutils_commands:/home/jaygee/PicoWCar/install/pi_camera_node/lib/python3.12/site-packages:${PYTHONPATH} /usr/bin/python3 -W ignore:setup.py install is deprecated -W ignore:easy_install command is deprecated setup.py egg_info --egg-base ../../../build/pi_camera_node build --build-base /home/jaygee/PicoWCar/build/pi_camera_node/build install --record /home/jaygee/PicoWCar/build/pi_camera_node/install.log --single-version-externally-managed install_data
