[1.171s] Invoking command in '/home/jaygee/PicoWCar/src/pi5_pkg': DEBUGINFOD_URLS=https://debuginfod.ubuntu.com PYTHONPATH=/home/jaygee/PicoWCar/build/pi5_pkg/prefix_override:/usr/lib/python3/dist-packages/colcon_core/task/python/colcon_distutils_commands:/home/jaygee/PicoWCar/install/pi5_pkg/lib/python3.12/site-packages:${PYTHONPATH} /usr/bin/python3 -W ignore:setup.py install is deprecated -W ignore:easy_install command is deprecated setup.py egg_info --egg-base ../../build/pi5_pkg build --build-base /home/jaygee/PicoWCar/build/pi5_pkg/build install --record /home/jaygee/PicoWCar/build/pi5_pkg/install.log --single-version-externally-managed install_data
[1.528s] running egg_info
[1.553s] writing ../../build/pi5_pkg/pi5_pkg.egg-info/PKG-INFO
[1.553s] writing dependency_links to ../../build/pi5_pkg/pi5_pkg.egg-info/dependency_links.txt
[1.554s] writing requirements to ../../build/pi5_pkg/pi5_pkg.egg-info/requires.txt
[1.555s] writing top-level names to ../../build/pi5_pkg/pi5_pkg.egg-info/top_level.txt
[1.608s] reading manifest file '../../build/pi5_pkg/pi5_pkg.egg-info/SOURCES.txt'
[1.609s] writing manifest file '../../build/pi5_pkg/pi5_pkg.egg-info/SOURCES.txt'
[1.610s] running build
[1.610s] running build_py
[1.610s] running install
[1.620s] running install_lib
[1.645s] creating /home/jaygee/PicoWCar/install/pi5_pkg/lib/python3.12/site-packages/pi5_pkg
[1.645s] copying /home/jaygee/PicoWCar/build/pi5_pkg/build/lib/pi5_pkg/__init__.py -> /home/jaygee/PicoWCar/install/pi5_pkg/lib/python3.12/site-packages/pi5_pkg
[1.646s] byte-compiling /home/jaygee/PicoWCar/install/pi5_pkg/lib/python3.12/site-packages/pi5_pkg/__init__.py to __init__.cpython-312.pyc
[1.646s] running install_data
[1.646s] creating /home/jaygee/PicoWCar/install/pi5_pkg/share/ament_index
[1.647s] creating /home/jaygee/PicoWCar/install/pi5_pkg/share/ament_index/resource_index
[1.647s] creating /home/jaygee/PicoWCar/install/pi5_pkg/share/ament_index/resource_index/packages
[1.647s] copying resource/pi5_pkg -> /home/jaygee/PicoWCar/install/pi5_pkg/share/ament_index/resource_index/packages
[1.647s] copying package.xml -> /home/jaygee/PicoWCar/install/pi5_pkg/share/pi5_pkg
[1.647s] running install_egg_info
[1.674s] Copying ../../build/pi5_pkg/pi5_pkg.egg-info to /home/jaygee/PicoWCar/install/pi5_pkg/lib/python3.12/site-packages/pi5_pkg-0.0.0-py3.12.egg-info
[1.675s] running install_scripts
[1.855s] writing list of installed files to '/home/jaygee/PicoWCar/build/pi5_pkg/install.log'
[1.928s] Invoked command in '/home/jaygee/PicoWCar/src/pi5_pkg' returned '0': DEBUGINFOD_URLS=https://debuginfod.ubuntu.com PYTHONPATH=/home/jaygee/PicoWCar/build/pi5_pkg/prefix_override:/usr/lib/python3/dist-packages/colcon_core/task/python/colcon_distutils_commands:/home/jaygee/PicoWCar/install/pi5_pkg/lib/python3.12/site-packages:${PYTHONPATH} /usr/bin/python3 -W ignore:setup.py install is deprecated -W ignore:easy_install command is deprecated setup.py egg_info --egg-base ../../build/pi5_pkg build --build-base /home/jaygee/PicoWCar/build/pi5_pkg/build install --record /home/jaygee/PicoWCar/build/pi5_pkg/install.log --single-version-externally-managed install_data
