running egg_info
creating ../../../build/pico_control_node/pico_control_node.egg-info
writing ../../../build/pico_control_node/pico_control_node.egg-info/PKG-INFO
writing dependency_links to ../../../build/pico_control_node/pico_control_node.egg-info/dependency_links.txt
writing requirements to ../../../build/pico_control_node/pico_control_node.egg-info/requires.txt
writing top-level names to ../../../build/pico_control_node/pico_control_node.egg-info/top_level.txt
writing manifest file '../../../build/pico_control_node/pico_control_node.egg-info/SOURCES.txt'
reading manifest file '../../../build/pico_control_node/pico_control_node.egg-info/SOURCES.txt'
writing manifest file '../../../build/pico_control_node/pico_control_node.egg-info/SOURCES.txt'
running build
running build_py
creating /home/jaygee/PicoWCar/build/pico_control_node/build
creating /home/jaygee/PicoWCar/build/pico_control_node/build/lib
creating /home/jaygee/PicoWCar/build/pico_control_node/build/lib/pico_control_node
copying pico_control_node/setup.py -> /home/jaygee/PicoWCar/build/pico_control_node/build/lib/pico_control_node
copying pico_control_node/__init__.py -> /home/jaygee/PicoWCar/build/pico_control_node/build/lib/pico_control_node
running install
running install_lib
creating /home/jaygee/PicoWCar/install/pico_control_node/lib/python3.12/site-packages/pico_control_node
copying /home/jaygee/PicoWCar/build/pico_control_node/build/lib/pico_control_node/setup.py -> /home/jaygee/PicoWCar/install/pico_control_node/lib/python3.12/site-packages/pico_control_node
copying /home/jaygee/PicoWCar/build/pico_control_node/build/lib/pico_control_node/__init__.py -> /home/jaygee/PicoWCar/install/pico_control_node/lib/python3.12/site-packages/pico_control_node
byte-compiling /home/jaygee/PicoWCar/install/pico_control_node/lib/python3.12/site-packages/pico_control_node/setup.py to setup.cpython-312.pyc
byte-compiling /home/jaygee/PicoWCar/install/pico_control_node/lib/python3.12/site-packages/pico_control_node/__init__.py to __init__.cpython-312.pyc
running install_data
creating /home/jaygee/PicoWCar/install/pico_control_node/share/ament_index
creating /home/jaygee/PicoWCar/install/pico_control_node/share/ament_index/resource_index
creating /home/jaygee/PicoWCar/install/pico_control_node/share/ament_index/resource_index/packages
copying resource/pico_control_node -> /home/jaygee/PicoWCar/install/pico_control_node/share/ament_index/resource_index/packages
copying package.xml -> /home/jaygee/PicoWCar/install/pico_control_node/share/pico_control_node
running install_egg_info
Copying ../../../build/pico_control_node/pico_control_node.egg-info to /home/jaygee/PicoWCar/install/pico_control_node/lib/python3.12/site-packages/pico_control_node-0.0.0-py3.12.egg-info
running install_scripts
writing list of installed files to '/home/jaygee/PicoWCar/build/pico_control_node/install.log'
