[3.465s] Invoking command in '/home/jaygee/PicoWCar/src/pi5_nodes/pi_camera_node': DEBUGINFOD_URLS=https://debuginfod.ubuntu.com PYTHONPATH=/home/jaygee/PicoWCar/build/pi_camera_node/prefix_override:/usr/lib/python3/dist-packages/colcon_core/task/python/colcon_distutils_commands:/home/jaygee/PicoWCar/install/pi_camera_node/lib/python3.12/site-packages:${PYTHONPATH} /usr/bin/python3 -W ignore:setup.py install is deprecated -W ignore:easy_install command is deprecated setup.py egg_info --egg-base ../../../build/pi_camera_node build --build-base /home/jaygee/PicoWCar/build/pi_camera_node/build install --record /home/jaygee/PicoWCar/build/pi_camera_node/install.log --single-version-externally-managed install_data
[3.916s] running egg_info
[3.917s] creating ../../../build/pi_camera_node/pi_camera_node.egg-info
[3.948s] writing ../../../build/pi_camera_node/pi_camera_node.egg-info/PKG-INFO
[3.949s] writing dependency_links to ../../../build/pi_camera_node/pi_camera_node.egg-info/dependency_links.txt
[3.950s] writing requirements to ../../../build/pi_camera_node/pi_camera_node.egg-info/requires.txt
[3.950s] writing top-level names to ../../../build/pi_camera_node/pi_camera_node.egg-info/top_level.txt
[3.951s] writing manifest file '../../../build/pi_camera_node/pi_camera_node.egg-info/SOURCES.txt'
[4.014s] reading manifest file '../../../build/pi_camera_node/pi_camera_node.egg-info/SOURCES.txt'
[4.015s] writing manifest file '../../../build/pi_camera_node/pi_camera_node.egg-info/SOURCES.txt'
[4.017s] running build
[4.018s] running build_py
[4.018s] creating /home/jaygee/PicoWCar/build/pi_camera_node/build
[4.018s] creating /home/jaygee/PicoWCar/build/pi_camera_node/build/lib
[4.019s] creating /home/jaygee/PicoWCar/build/pi_camera_node/build/lib/pi_camera_node
[4.020s] copying pi_camera_node/__init__.py -> /home/jaygee/PicoWCar/build/pi_camera_node/build/lib/pi_camera_node
[4.020s] running install
[4.028s] running install_lib
[4.056s] creating /home/jaygee/PicoWCar/install/pi_camera_node/lib/python3.12/site-packages/pi_camera_node
[4.056s] copying /home/jaygee/PicoWCar/build/pi_camera_node/build/lib/pi_camera_node/__init__.py -> /home/jaygee/PicoWCar/install/pi_camera_node/lib/python3.12/site-packages/pi_camera_node
[4.058s] byte-compiling /home/jaygee/PicoWCar/install/pi_camera_node/lib/python3.12/site-packages/pi_camera_node/__init__.py to __init__.cpython-312.pyc
[4.059s] running install_data
[4.059s] creating /home/jaygee/PicoWCar/install/pi_camera_node/share/ament_index
[4.059s] creating /home/jaygee/PicoWCar/install/pi_camera_node/share/ament_index/resource_index
[4.059s] creating /home/jaygee/PicoWCar/install/pi_camera_node/share/ament_index/resource_index/packages
[4.059s] copying resource/pi_camera_node -> /home/jaygee/PicoWCar/install/pi_camera_node/share/ament_index/resource_index/packages
[4.059s] copying package.xml -> /home/jaygee/PicoWCar/install/pi_camera_node/share/pi_camera_node
[4.059s] running install_egg_info
[4.088s] Copying ../../../build/pi_camera_node/pi_camera_node.egg-info to /home/jaygee/PicoWCar/install/pi_camera_node/lib/python3.12/site-packages/pi_camera_node-0.0.0-py3.12.egg-info
[4.090s] running install_scripts
[4.314s] writing list of installed files to '/home/jaygee/PicoWCar/build/pi_camera_node/install.log'
[4.506s] Invoked command in '/home/jaygee/PicoWCar/src/pi5_nodes/pi_camera_node' returned '0': DEBUGINFOD_URLS=https://debuginfod.ubuntu.com PYTHONPATH=/home/jaygee/PicoWCar/build/pi_camera_node/prefix_override:/usr/lib/python3/dist-packages/colcon_core/task/python/colcon_distutils_commands:/home/jaygee/PicoWCar/install/pi_camera_node/lib/python3.12/site-packages:${PYTHONPATH} /usr/bin/python3 -W ignore:setup.py install is deprecated -W ignore:easy_install command is deprecated setup.py egg_info --egg-base ../../../build/pi_camera_node build --build-base /home/jaygee/PicoWCar/build/pi_camera_node/build install --record /home/jaygee/PicoWCar/build/pi_camera_node/install.log --single-version-externally-managed install_data
