[2.600s] Invoking command in '/home/jaygee/PicoWCar/src/pi5_pkg/pi_camera_node': DEBUGINFOD_URLS=https://debuginfod.ubuntu.com PYTHONPATH=/home/jaygee/PicoWCar/src/build/pi_camera_node/prefix_override:/usr/lib/python3/dist-packages/colcon_core/task/python/colcon_distutils_commands:/home/jaygee/PicoWCar/src/install/pi_camera_node/lib/python3.12/site-packages:${PYTHONPATH} /usr/bin/python3 -W ignore:setup.py install is deprecated -W ignore:easy_install command is deprecated setup.py egg_info --egg-base ../../build/pi_camera_node build --build-base /home/jaygee/PicoWCar/src/build/pi_camera_node/build install --record /home/jaygee/PicoWCar/src/build/pi_camera_node/install.log --single-version-externally-managed install_data
[3.156s] running egg_info
[3.156s] creating ../../build/pi_camera_node/pi_camera_node.egg-info
[3.185s] writing ../../build/pi_camera_node/pi_camera_node.egg-info/PKG-INFO
[3.185s] writing dependency_links to ../../build/pi_camera_node/pi_camera_node.egg-info/dependency_links.txt
[3.185s] writing requirements to ../../build/pi_camera_node/pi_camera_node.egg-info/requires.txt
[3.185s] writing top-level names to ../../build/pi_camera_node/pi_camera_node.egg-info/top_level.txt
[3.185s] writing manifest file '../../build/pi_camera_node/pi_camera_node.egg-info/SOURCES.txt'
[3.244s] reading manifest file '../../build/pi_camera_node/pi_camera_node.egg-info/SOURCES.txt'
[3.244s] writing manifest file '../../build/pi_camera_node/pi_camera_node.egg-info/SOURCES.txt'
[3.244s] running build
[3.245s] running build_py
[3.245s] creating /home/jaygee/PicoWCar/src/build/pi_camera_node/build
[3.245s] creating /home/jaygee/PicoWCar/src/build/pi_camera_node/build/lib
[3.245s] creating /home/jaygee/PicoWCar/src/build/pi_camera_node/build/lib/pi_camera_node
[3.245s] copying pi_camera_node/__init__.py -> /home/jaygee/PicoWCar/src/build/pi_camera_node/build/lib/pi_camera_node
[3.246s] running install
[3.259s] running install_lib
[3.286s] creating /home/jaygee/PicoWCar/src/install/pi_camera_node/lib/python3.12/site-packages/pi_camera_node
[3.286s] copying /home/jaygee/PicoWCar/src/build/pi_camera_node/build/lib/pi_camera_node/__init__.py -> /home/jaygee/PicoWCar/src/install/pi_camera_node/lib/python3.12/site-packages/pi_camera_node
[3.287s] byte-compiling /home/jaygee/PicoWCar/src/install/pi_camera_node/lib/python3.12/site-packages/pi_camera_node/__init__.py to __init__.cpython-312.pyc
[3.287s] running install_data
[3.288s] creating /home/jaygee/PicoWCar/src/install/pi_camera_node/share/ament_index
[3.289s] creating /home/jaygee/PicoWCar/src/install/pi_camera_node/share/ament_index/resource_index
[3.289s] creating /home/jaygee/PicoWCar/src/install/pi_camera_node/share/ament_index/resource_index/packages
[3.289s] copying resource/pi_camera_node -> /home/jaygee/PicoWCar/src/install/pi_camera_node/share/ament_index/resource_index/packages
[3.289s] copying package.xml -> /home/jaygee/PicoWCar/src/install/pi_camera_node/share/pi_camera_node
[3.290s] running install_egg_info
[3.318s] Copying ../../build/pi_camera_node/pi_camera_node.egg-info to /home/jaygee/PicoWCar/src/install/pi_camera_node/lib/python3.12/site-packages/pi_camera_node-0.0.0-py3.12.egg-info
[3.319s] running install_scripts
[3.553s] writing list of installed files to '/home/jaygee/PicoWCar/src/build/pi_camera_node/install.log'
[3.706s] Invoked command in '/home/jaygee/PicoWCar/src/pi5_pkg/pi_camera_node' returned '0': DEBUGINFOD_URLS=https://debuginfod.ubuntu.com PYTHONPATH=/home/jaygee/PicoWCar/src/build/pi_camera_node/prefix_override:/usr/lib/python3/dist-packages/colcon_core/task/python/colcon_distutils_commands:/home/jaygee/PicoWCar/src/install/pi_camera_node/lib/python3.12/site-packages:${PYTHONPATH} /usr/bin/python3 -W ignore:setup.py install is deprecated -W ignore:easy_install command is deprecated setup.py egg_info --egg-base ../../build/pi_camera_node build --build-base /home/jaygee/PicoWCar/src/build/pi_camera_node/build install --record /home/jaygee/PicoWCar/src/build/pi_camera_node/install.log --single-version-externally-managed install_data
