[1.411s] Invoking command in '/home/jaygee/PicoWCar/src/pi5_pkg/webserver_node': DEBUGINFOD_URLS=https://debuginfod.ubuntu.com PYTHONPATH=/home/jaygee/PicoWCar/src/build/webserver_node/prefix_override:/usr/lib/python3/dist-packages/colcon_core/task/python/colcon_distutils_commands:/home/jaygee/PicoWCar/src/install/webserver_node/lib/python3.12/site-packages:${PYTHONPATH} /usr/bin/python3 -W ignore:setup.py install is deprecated -W ignore:easy_install command is deprecated setup.py egg_info --egg-base ../../build/webserver_node build --build-base /home/jaygee/PicoWCar/src/build/webserver_node/build install --record /home/jaygee/PicoWCar/src/build/webserver_node/install.log --single-version-externally-managed install_data
[1.778s] running egg_info
[1.778s] creating ../../build/webserver_node/webserver_node.egg-info
[1.803s] writing ../../build/webserver_node/webserver_node.egg-info/PKG-INFO
[1.803s] writing dependency_links to ../../build/webserver_node/webserver_node.egg-info/dependency_links.txt
[1.803s] writing requirements to ../../build/webserver_node/webserver_node.egg-info/requires.txt
[1.803s] writing top-level names to ../../build/webserver_node/webserver_node.egg-info/top_level.txt
[1.804s] writing manifest file '../../build/webserver_node/webserver_node.egg-info/SOURCES.txt'
[1.861s] reading manifest file '../../build/webserver_node/webserver_node.egg-info/SOURCES.txt'
[1.862s] writing manifest file '../../build/webserver_node/webserver_node.egg-info/SOURCES.txt'
[1.862s] running build
[1.862s] running build_py
[1.862s] creating /home/jaygee/PicoWCar/src/build/webserver_node/build
[1.863s] creating /home/jaygee/PicoWCar/src/build/webserver_node/build/lib
[1.863s] creating /home/jaygee/PicoWCar/src/build/webserver_node/build/lib/webserver_node
[1.863s] copying webserver_node/__init__.py -> /home/jaygee/PicoWCar/src/build/webserver_node/build/lib/webserver_node
[1.863s] running install
[1.872s] running install_lib
[1.899s] creating /home/jaygee/PicoWCar/src/install/webserver_node/lib/python3.12/site-packages/webserver_node
[1.899s] copying /home/jaygee/PicoWCar/src/build/webserver_node/build/lib/webserver_node/__init__.py -> /home/jaygee/PicoWCar/src/install/webserver_node/lib/python3.12/site-packages/webserver_node
[1.899s] byte-compiling /home/jaygee/PicoWCar/src/install/webserver_node/lib/python3.12/site-packages/webserver_node/__init__.py to __init__.cpython-312.pyc
[1.900s] running install_data
[1.900s] creating /home/jaygee/PicoWCar/src/install/webserver_node/share/ament_index
[1.900s] creating /home/jaygee/PicoWCar/src/install/webserver_node/share/ament_index/resource_index
[1.900s] creating /home/jaygee/PicoWCar/src/install/webserver_node/share/ament_index/resource_index/packages
[1.900s] copying resource/webserver_node -> /home/jaygee/PicoWCar/src/install/webserver_node/share/ament_index/resource_index/packages
[1.901s] copying package.xml -> /home/jaygee/PicoWCar/src/install/webserver_node/share/webserver_node
[1.901s] running install_egg_info
[1.932s] Copying ../../build/webserver_node/webserver_node.egg-info to /home/jaygee/PicoWCar/src/install/webserver_node/lib/python3.12/site-packages/webserver_node-0.0.0-py3.12.egg-info
[1.933s] running install_scripts
[2.115s] writing list of installed files to '/home/jaygee/PicoWCar/src/build/webserver_node/install.log'
[2.195s] Invoked command in '/home/jaygee/PicoWCar/src/pi5_pkg/webserver_node' returned '0': DEBUGINFOD_URLS=https://debuginfod.ubuntu.com PYTHONPATH=/home/jaygee/PicoWCar/src/build/webserver_node/prefix_override:/usr/lib/python3/dist-packages/colcon_core/task/python/colcon_distutils_commands:/home/jaygee/PicoWCar/src/install/webserver_node/lib/python3.12/site-packages:${PYTHONPATH} /usr/bin/python3 -W ignore:setup.py install is deprecated -W ignore:easy_install command is deprecated setup.py egg_info --egg-base ../../build/webserver_node build --build-base /home/jaygee/PicoWCar/src/build/webserver_node/build install --record /home/jaygee/PicoWCar/src/build/webserver_node/install.log --single-version-externally-managed install_data
