[3.442s] Invoking command in '/home/jaygee/PicoWCar/src/pi5_nodes/pico_sensors_node': DEBUGINFOD_URLS=https://debuginfod.ubuntu.com PYTHONPATH=/home/jaygee/PicoWCar/build/pico_sensors_node/prefix_override:/usr/lib/python3/dist-packages/colcon_core/task/python/colcon_distutils_commands:/home/jaygee/PicoWCar/install/pico_sensors_node/lib/python3.12/site-packages:${PYTHONPATH} /usr/bin/python3 -W ignore:setup.py install is deprecated -W ignore:easy_install command is deprecated setup.py egg_info --egg-base ../../../build/pico_sensors_node build --build-base /home/jaygee/PicoWCar/build/pico_sensors_node/build install --record /home/jaygee/PicoWCar/build/pico_sensors_node/install.log --single-version-externally-managed install_data
[3.894s] running egg_info
[3.894s] creating ../../../build/pico_sensors_node/pico_sensors_node.egg-info
[3.926s] writing ../../../build/pico_sensors_node/pico_sensors_node.egg-info/PKG-INFO
[3.926s] writing dependency_links to ../../../build/pico_sensors_node/pico_sensors_node.egg-info/dependency_links.txt
[3.926s] writing requirements to ../../../build/pico_sensors_node/pico_sensors_node.egg-info/requires.txt
[3.926s] writing top-level names to ../../../build/pico_sensors_node/pico_sensors_node.egg-info/top_level.txt
[3.926s] writing manifest file '../../../build/pico_sensors_node/pico_sensors_node.egg-info/SOURCES.txt'
[3.990s] reading manifest file '../../../build/pico_sensors_node/pico_sensors_node.egg-info/SOURCES.txt'
[3.990s] writing manifest file '../../../build/pico_sensors_node/pico_sensors_node.egg-info/SOURCES.txt'
[3.990s] running build
[3.990s] running build_py
[3.990s] creating /home/jaygee/PicoWCar/build/pico_sensors_node/build
[3.991s] creating /home/jaygee/PicoWCar/build/pico_sensors_node/build/lib
[3.991s] creating /home/jaygee/PicoWCar/build/pico_sensors_node/build/lib/pico_sensors_node
[3.991s] copying pico_sensors_node/__init__.py -> /home/jaygee/PicoWCar/build/pico_sensors_node/build/lib/pico_sensors_node
[3.991s] running install
[4.004s] running install_lib
[4.031s] creating /home/jaygee/PicoWCar/install/pico_sensors_node/lib/python3.12/site-packages/pico_sensors_node
[4.031s] copying /home/jaygee/PicoWCar/build/pico_sensors_node/build/lib/pico_sensors_node/__init__.py -> /home/jaygee/PicoWCar/install/pico_sensors_node/lib/python3.12/site-packages/pico_sensors_node
[4.033s] byte-compiling /home/jaygee/PicoWCar/install/pico_sensors_node/lib/python3.12/site-packages/pico_sensors_node/__init__.py to __init__.cpython-312.pyc
[4.033s] running install_data
[4.034s] creating /home/jaygee/PicoWCar/install/pico_sensors_node/share/ament_index
[4.034s] creating /home/jaygee/PicoWCar/install/pico_sensors_node/share/ament_index/resource_index
[4.034s] creating /home/jaygee/PicoWCar/install/pico_sensors_node/share/ament_index/resource_index/packages
[4.035s] copying resource/pico_sensors_node -> /home/jaygee/PicoWCar/install/pico_sensors_node/share/ament_index/resource_index/packages
[4.035s] copying package.xml -> /home/jaygee/PicoWCar/install/pico_sensors_node/share/pico_sensors_node
[4.035s] running install_egg_info
[4.067s] Copying ../../../build/pico_sensors_node/pico_sensors_node.egg-info to /home/jaygee/PicoWCar/install/pico_sensors_node/lib/python3.12/site-packages/pico_sensors_node-0.0.0-py3.12.egg-info
[4.068s] running install_scripts
[4.328s] writing list of installed files to '/home/jaygee/PicoWCar/build/pico_sensors_node/install.log'
[4.506s] Invoked command in '/home/jaygee/PicoWCar/src/pi5_nodes/pico_sensors_node' returned '0': DEBUGINFOD_URLS=https://debuginfod.ubuntu.com PYTHONPATH=/home/jaygee/PicoWCar/build/pico_sensors_node/prefix_override:/usr/lib/python3/dist-packages/colcon_core/task/python/colcon_distutils_commands:/home/jaygee/PicoWCar/install/pico_sensors_node/lib/python3.12/site-packages:${PYTHONPATH} /usr/bin/python3 -W ignore:setup.py install is deprecated -W ignore:easy_install command is deprecated setup.py egg_info --egg-base ../../../build/pico_sensors_node build --build-base /home/jaygee/PicoWCar/build/pico_sensors_node/build install --record /home/jaygee/PicoWCar/build/pico_sensors_node/install.log --single-version-externally-managed install_data
