[1.176s] Invoking command in '/home/jaygee/PicoWCar/src/pi5_pkg': DEBUGINFOD_URLS=https://debuginfod.ubuntu.com PYTHONPATH=/home/jaygee/PicoWCar/src/build/pi5_pkg/prefix_override:/usr/lib/python3/dist-packages/colcon_core/task/python/colcon_distutils_commands:/home/jaygee/PicoWCar/src/install/pi5_pkg/lib/python3.12/site-packages:${PYTHONPATH} /usr/bin/python3 -W ignore:setup.py install is deprecated -W ignore:easy_install command is deprecated setup.py egg_info --egg-base ../build/pi5_pkg build --build-base /home/jaygee/PicoWCar/src/build/pi5_pkg/build install --record /home/jaygee/PicoWCar/src/build/pi5_pkg/install.log --single-version-externally-managed install_data
[1.533s] running egg_info
[1.533s] creating ../build/pi5_pkg/pi5_pkg.egg-info
[1.558s] writing ../build/pi5_pkg/pi5_pkg.egg-info/PKG-INFO
[1.558s] writing dependency_links to ../build/pi5_pkg/pi5_pkg.egg-info/dependency_links.txt
[1.559s] writing requirements to ../build/pi5_pkg/pi5_pkg.egg-info/requires.txt
[1.559s] writing top-level names to ../build/pi5_pkg/pi5_pkg.egg-info/top_level.txt
[1.559s] writing manifest file '../build/pi5_pkg/pi5_pkg.egg-info/SOURCES.txt'
[1.612s] reading manifest file '../build/pi5_pkg/pi5_pkg.egg-info/SOURCES.txt'
[1.613s] writing manifest file '../build/pi5_pkg/pi5_pkg.egg-info/SOURCES.txt'
[1.613s] running build
[1.613s] running build_py
[1.613s] creating /home/jaygee/PicoWCar/src/build/pi5_pkg/build
[1.613s] creating /home/jaygee/PicoWCar/src/build/pi5_pkg/build/lib
[1.613s] creating /home/jaygee/PicoWCar/src/build/pi5_pkg/build/lib/pi5_pkg
[1.613s] copying pi5_pkg/__init__.py -> /home/jaygee/PicoWCar/src/build/pi5_pkg/build/lib/pi5_pkg
[1.614s] running install
[1.623s] running install_lib
[1.648s] creating /home/jaygee/PicoWCar/src/install/pi5_pkg/lib/python3.12/site-packages/pi5_pkg
[1.648s] copying /home/jaygee/PicoWCar/src/build/pi5_pkg/build/lib/pi5_pkg/__init__.py -> /home/jaygee/PicoWCar/src/install/pi5_pkg/lib/python3.12/site-packages/pi5_pkg
[1.649s] byte-compiling /home/jaygee/PicoWCar/src/install/pi5_pkg/lib/python3.12/site-packages/pi5_pkg/__init__.py to __init__.cpython-312.pyc
[1.650s] running install_data
[1.650s] creating /home/jaygee/PicoWCar/src/install/pi5_pkg/share/ament_index
[1.650s] creating /home/jaygee/PicoWCar/src/install/pi5_pkg/share/ament_index/resource_index
[1.650s] creating /home/jaygee/PicoWCar/src/install/pi5_pkg/share/ament_index/resource_index/packages
[1.651s] copying resource/pi5_pkg -> /home/jaygee/PicoWCar/src/install/pi5_pkg/share/ament_index/resource_index/packages
[1.651s] copying package.xml -> /home/jaygee/PicoWCar/src/install/pi5_pkg/share/pi5_pkg
[1.651s] running install_egg_info
[1.678s] Copying ../build/pi5_pkg/pi5_pkg.egg-info to /home/jaygee/PicoWCar/src/install/pi5_pkg/lib/python3.12/site-packages/pi5_pkg-0.0.0-py3.12.egg-info
[1.679s] running install_scripts
[1.859s] writing list of installed files to '/home/jaygee/PicoWCar/src/build/pi5_pkg/install.log'
[1.932s] Invoked command in '/home/jaygee/PicoWCar/src/pi5_pkg' returned '0': DEBUGINFOD_URLS=https://debuginfod.ubuntu.com PYTHONPATH=/home/jaygee/PicoWCar/src/build/pi5_pkg/prefix_override:/usr/lib/python3/dist-packages/colcon_core/task/python/colcon_distutils_commands:/home/jaygee/PicoWCar/src/install/pi5_pkg/lib/python3.12/site-packages:${PYTHONPATH} /usr/bin/python3 -W ignore:setup.py install is deprecated -W ignore:easy_install command is deprecated setup.py egg_info --egg-base ../build/pi5_pkg build --build-base /home/jaygee/PicoWCar/src/build/pi5_pkg/build install --record /home/jaygee/PicoWCar/src/build/pi5_pkg/install.log --single-version-externally-managed install_data
