[1.575s] Invoking command in '/home/jaygee/PicoWCar/docs/pi5_nodes/webserver_node': DEBUGINFOD_URLS=https://debuginfod.ubuntu.com PYTHONPATH=/home/jaygee/PicoWCar/build/webserver_node/prefix_override:/usr/lib/python3/dist-packages/colcon_core/task/python/colcon_distutils_commands:/home/jaygee/PicoWCar/install/webserver_node/lib/python3.12/site-packages:${PYTHONPATH} /usr/bin/python3 -W ignore:setup.py install is deprecated -W ignore:easy_install command is deprecated setup.py egg_info --egg-base ../../../build/webserver_node build --build-base /home/jaygee/PicoWCar/build/webserver_node/build install --record /home/jaygee/PicoWCar/build/webserver_node/install.log --single-version-externally-managed install_data
[1.949s] running egg_info
[1.975s] writing ../../../build/webserver_node/webserver_node.egg-info/PKG-INFO
[1.976s] writing dependency_links to ../../../build/webserver_node/webserver_node.egg-info/dependency_links.txt
[1.977s] writing requirements to ../../../build/webserver_node/webserver_node.egg-info/requires.txt
[1.978s] writing top-level names to ../../../build/webserver_node/webserver_node.egg-info/top_level.txt
[2.032s] reading manifest file '../../../build/webserver_node/webserver_node.egg-info/SOURCES.txt'
[2.033s] writing manifest file '../../../build/webserver_node/webserver_node.egg-info/SOURCES.txt'
[2.033s] running build
[2.033s] running build_py
[2.033s] running install
[2.043s] running install_lib
[2.070s] creating /home/jaygee/PicoWCar/install/webserver_node/lib/python3.12/site-packages/webserver_node
[2.070s] copying /home/jaygee/PicoWCar/build/webserver_node/build/lib/webserver_node/__init__.py -> /home/jaygee/PicoWCar/install/webserver_node/lib/python3.12/site-packages/webserver_node
[2.071s] byte-compiling /home/jaygee/PicoWCar/install/webserver_node/lib/python3.12/site-packages/webserver_node/__init__.py to __init__.cpython-312.pyc
[2.071s] running install_data
[2.071s] creating /home/jaygee/PicoWCar/install/webserver_node/share/ament_index
[2.071s] creating /home/jaygee/PicoWCar/install/webserver_node/share/ament_index/resource_index
[2.072s] creating /home/jaygee/PicoWCar/install/webserver_node/share/ament_index/resource_index/packages
[2.072s] copying resource/webserver_node -> /home/jaygee/PicoWCar/install/webserver_node/share/ament_index/resource_index/packages
[2.072s] copying package.xml -> /home/jaygee/PicoWCar/install/webserver_node/share/webserver_node
[2.072s] running install_egg_info
[2.100s] Copying ../../../build/webserver_node/webserver_node.egg-info to /home/jaygee/PicoWCar/install/webserver_node/lib/python3.12/site-packages/webserver_node-0.0.0-py3.12.egg-info
[2.101s] running install_scripts
[2.285s] writing list of installed files to '/home/jaygee/PicoWCar/build/webserver_node/install.log'
[2.394s] Invoked command in '/home/jaygee/PicoWCar/docs/pi5_nodes/webserver_node' returned '0': DEBUGINFOD_URLS=https://debuginfod.ubuntu.com PYTHONPATH=/home/jaygee/PicoWCar/build/webserver_node/prefix_override:/usr/lib/python3/dist-packages/colcon_core/task/python/colcon_distutils_commands:/home/jaygee/PicoWCar/install/webserver_node/lib/python3.12/site-packages:${PYTHONPATH} /usr/bin/python3 -W ignore:setup.py install is deprecated -W ignore:easy_install command is deprecated setup.py egg_info --egg-base ../../../build/webserver_node build --build-base /home/jaygee/PicoWCar/build/webserver_node/build install --record /home/jaygee/PicoWCar/build/webserver_node/install.log --single-version-externally-managed install_data
