[2.570s] Invoking command in '/home/jaygee/PicoWCar/src/pi5_pkg/pico_control_node': DEBUGINFOD_URLS=https://debuginfod.ubuntu.com PYTHONPATH=/home/jaygee/PicoWCar/src/build/pico_control_node/prefix_override:/usr/lib/python3/dist-packages/colcon_core/task/python/colcon_distutils_commands:/home/jaygee/PicoWCar/src/install/pico_control_node/lib/python3.12/site-packages:${PYTHONPATH} /usr/bin/python3 -W ignore:setup.py install is deprecated -W ignore:easy_install command is deprecated setup.py egg_info --egg-base ../../build/pico_control_node build --build-base /home/jaygee/PicoWCar/src/build/pico_control_node/build install --record /home/jaygee/PicoWCar/src/build/pico_control_node/install.log --single-version-externally-managed install_data
[3.130s] running egg_info
[3.130s] creating ../../build/pico_control_node/pico_control_node.egg-info
[3.164s] writing ../../build/pico_control_node/pico_control_node.egg-info/PKG-INFO
[3.166s] writing dependency_links to ../../build/pico_control_node/pico_control_node.egg-info/dependency_links.txt
[3.167s] writing requirements to ../../build/pico_control_node/pico_control_node.egg-info/requires.txt
[3.169s] writing top-level names to ../../build/pico_control_node/pico_control_node.egg-info/top_level.txt
[3.170s] writing manifest file '../../build/pico_control_node/pico_control_node.egg-info/SOURCES.txt'
[3.239s] reading manifest file '../../build/pico_control_node/pico_control_node.egg-info/SOURCES.txt'
[3.240s] writing manifest file '../../build/pico_control_node/pico_control_node.egg-info/SOURCES.txt'
[3.240s] running build
[3.240s] running build_py
[3.241s] creating /home/jaygee/PicoWCar/src/build/pico_control_node/build
[3.241s] creating /home/jaygee/PicoWCar/src/build/pico_control_node/build/lib
[3.241s] creating /home/jaygee/PicoWCar/src/build/pico_control_node/build/lib/pico_control_node
[3.244s] copying pico_control_node/setup.py -> /home/jaygee/PicoWCar/src/build/pico_control_node/build/lib/pico_control_node
[3.244s] copying pico_control_node/__init__.py -> /home/jaygee/PicoWCar/src/build/pico_control_node/build/lib/pico_control_node
[3.244s] running install
[3.253s] running install_lib
[3.280s] creating /home/jaygee/PicoWCar/src/install/pico_control_node/lib/python3.12/site-packages/pico_control_node
[3.280s] copying /home/jaygee/PicoWCar/src/build/pico_control_node/build/lib/pico_control_node/setup.py -> /home/jaygee/PicoWCar/src/install/pico_control_node/lib/python3.12/site-packages/pico_control_node
[3.280s] copying /home/jaygee/PicoWCar/src/build/pico_control_node/build/lib/pico_control_node/__init__.py -> /home/jaygee/PicoWCar/src/install/pico_control_node/lib/python3.12/site-packages/pico_control_node
[3.281s] byte-compiling /home/jaygee/PicoWCar/src/install/pico_control_node/lib/python3.12/site-packages/pico_control_node/setup.py to setup.cpython-312.pyc
[3.282s] byte-compiling /home/jaygee/PicoWCar/src/install/pico_control_node/lib/python3.12/site-packages/pico_control_node/__init__.py to __init__.cpython-312.pyc
[3.282s] running install_data
[3.282s] creating /home/jaygee/PicoWCar/src/install/pico_control_node/share/ament_index
[3.284s] creating /home/jaygee/PicoWCar/src/install/pico_control_node/share/ament_index/resource_index
[3.284s] creating /home/jaygee/PicoWCar/src/install/pico_control_node/share/ament_index/resource_index/packages
[3.284s] copying resource/pico_control_node -> /home/jaygee/PicoWCar/src/install/pico_control_node/share/ament_index/resource_index/packages
[3.284s] copying package.xml -> /home/jaygee/PicoWCar/src/install/pico_control_node/share/pico_control_node
[3.284s] running install_egg_info
[3.313s] Copying ../../build/pico_control_node/pico_control_node.egg-info to /home/jaygee/PicoWCar/src/install/pico_control_node/lib/python3.12/site-packages/pico_control_node-0.0.0-py3.12.egg-info
[3.317s] running install_scripts
[3.599s] writing list of installed files to '/home/jaygee/PicoWCar/src/build/pico_control_node/install.log'
[4.204s] Invoked command in '/home/jaygee/PicoWCar/src/pi5_pkg/pico_control_node' returned '0': DEBUGINFOD_URLS=https://debuginfod.ubuntu.com PYTHONPATH=/home/jaygee/PicoWCar/src/build/pico_control_node/prefix_override:/usr/lib/python3/dist-packages/colcon_core/task/python/colcon_distutils_commands:/home/jaygee/PicoWCar/src/install/pico_control_node/lib/python3.12/site-packages:${PYTHONPATH} /usr/bin/python3 -W ignore:setup.py install is deprecated -W ignore:easy_install command is deprecated setup.py egg_info --egg-base ../../build/pico_control_node build --build-base /home/jaygee/PicoWCar/src/build/pico_control_node/build install --record /home/jaygee/PicoWCar/src/build/pico_control_node/install.log --single-version-externally-managed install_data
