running egg_info
creating ../../build/pi5_pkg/pi5_pkg.egg-info
writing ../../build/pi5_pkg/pi5_pkg.egg-info/PKG-INFO
writing dependency_links to ../../build/pi5_pkg/pi5_pkg.egg-info/dependency_links.txt
writing requirements to ../../build/pi5_pkg/pi5_pkg.egg-info/requires.txt
writing top-level names to ../../build/pi5_pkg/pi5_pkg.egg-info/top_level.txt
writing manifest file '../../build/pi5_pkg/pi5_pkg.egg-info/SOURCES.txt'
reading manifest file '../../build/pi5_pkg/pi5_pkg.egg-info/SOURCES.txt'
writing manifest file '../../build/pi5_pkg/pi5_pkg.egg-info/SOURCES.txt'
running build
running build_py
creating /home/jaygee/PicoWCar/build/pi5_pkg/build
creating /home/jaygee/PicoWCar/build/pi5_pkg/build/lib
creating /home/jaygee/PicoWCar/build/pi5_pkg/build/lib/pi5_pkg
copying pi5_pkg/__init__.py -> /home/jaygee/PicoWCar/build/pi5_pkg/build/lib/pi5_pkg
running install
running install_lib
creating /home/jaygee/PicoWCar/install/pi5_pkg/lib/python3.12/site-packages/pi5_pkg
copying /home/jaygee/PicoWCar/build/pi5_pkg/build/lib/pi5_pkg/__init__.py -> /home/jaygee/PicoWCar/install/pi5_pkg/lib/python3.12/site-packages/pi5_pkg
byte-compiling /home/jaygee/PicoWCar/install/pi5_pkg/lib/python3.12/site-packages/pi5_pkg/__init__.py to __init__.cpython-312.pyc
running install_data
creating /home/jaygee/PicoWCar/install/pi5_pkg/share/ament_index
creating /home/jaygee/PicoWCar/install/pi5_pkg/share/ament_index/resource_index
creating /home/jaygee/PicoWCar/install/pi5_pkg/share/ament_index/resource_index/packages
copying resource/pi5_pkg -> /home/jaygee/PicoWCar/install/pi5_pkg/share/ament_index/resource_index/packages
copying package.xml -> /home/jaygee/PicoWCar/install/pi5_pkg/share/pi5_pkg
running install_egg_info
Copying ../../build/pi5_pkg/pi5_pkg.egg-info to /home/jaygee/PicoWCar/install/pi5_pkg/lib/python3.12/site-packages/pi5_pkg-0.0.0-py3.12.egg-info
running install_scripts
writing list of installed files to '/home/jaygee/PicoWCar/build/pi5_pkg/install.log'
