[3.477s] Invoking command in '/home/jaygee/PicoWCar/src/pi5_pkg': DEBUGINFOD_URLS=https://debuginfod.ubuntu.com PYTHONPATH=/home/jaygee/PicoWCar/build/pi5_pkg/prefix_override:/usr/lib/python3/dist-packages/colcon_core/task/python/colcon_distutils_commands:/home/jaygee/PicoWCar/install/pi5_pkg/lib/python3.12/site-packages:${PYTHONPATH} /usr/bin/python3 -W ignore:setup.py install is deprecated -W ignore:easy_install command is deprecated setup.py egg_info --egg-base ../../build/pi5_pkg build --build-base /home/jaygee/PicoWCar/build/pi5_pkg/build install --record /home/jaygee/PicoWCar/build/pi5_pkg/install.log --single-version-externally-managed install_data
[3.922s] running egg_info
[3.922s] creating ../../build/pi5_pkg/pi5_pkg.egg-info
[3.948s] writing ../../build/pi5_pkg/pi5_pkg.egg-info/PKG-INFO
[3.949s] writing dependency_links to ../../build/pi5_pkg/pi5_pkg.egg-info/dependency_links.txt
[3.952s] writing requirements to ../../build/pi5_pkg/pi5_pkg.egg-info/requires.txt
[3.952s] writing top-level names to ../../build/pi5_pkg/pi5_pkg.egg-info/top_level.txt
[3.952s] writing manifest file '../../build/pi5_pkg/pi5_pkg.egg-info/SOURCES.txt'
[4.004s] reading manifest file '../../build/pi5_pkg/pi5_pkg.egg-info/SOURCES.txt'
[4.007s] writing manifest file '../../build/pi5_pkg/pi5_pkg.egg-info/SOURCES.txt'
[4.007s] running build
[4.007s] running build_py
[4.008s] creating /home/jaygee/PicoWCar/build/pi5_pkg/build
[4.008s] creating /home/jaygee/PicoWCar/build/pi5_pkg/build/lib
[4.008s] creating /home/jaygee/PicoWCar/build/pi5_pkg/build/lib/pi5_pkg
[4.008s] copying pi5_pkg/__init__.py -> /home/jaygee/PicoWCar/build/pi5_pkg/build/lib/pi5_pkg
[4.008s] running install
[4.018s] running install_lib
[4.047s] creating /home/jaygee/PicoWCar/install/pi5_pkg/lib/python3.12/site-packages/pi5_pkg
[4.047s] copying /home/jaygee/PicoWCar/build/pi5_pkg/build/lib/pi5_pkg/__init__.py -> /home/jaygee/PicoWCar/install/pi5_pkg/lib/python3.12/site-packages/pi5_pkg
[4.048s] byte-compiling /home/jaygee/PicoWCar/install/pi5_pkg/lib/python3.12/site-packages/pi5_pkg/__init__.py to __init__.cpython-312.pyc
[4.048s] running install_data
[4.048s] creating /home/jaygee/PicoWCar/install/pi5_pkg/share/ament_index
[4.048s] creating /home/jaygee/PicoWCar/install/pi5_pkg/share/ament_index/resource_index
[4.048s] creating /home/jaygee/PicoWCar/install/pi5_pkg/share/ament_index/resource_index/packages
[4.049s] copying resource/pi5_pkg -> /home/jaygee/PicoWCar/install/pi5_pkg/share/ament_index/resource_index/packages
[4.055s] copying package.xml -> /home/jaygee/PicoWCar/install/pi5_pkg/share/pi5_pkg
[4.055s] running install_egg_info
[4.089s] Copying ../../build/pi5_pkg/pi5_pkg.egg-info to /home/jaygee/PicoWCar/install/pi5_pkg/lib/python3.12/site-packages/pi5_pkg-0.0.0-py3.12.egg-info
[4.090s] running install_scripts
[4.316s] writing list of installed files to '/home/jaygee/PicoWCar/build/pi5_pkg/install.log'
[4.520s] Invoked command in '/home/jaygee/PicoWCar/src/pi5_pkg' returned '0': DEBUGINFOD_URLS=https://debuginfod.ubuntu.com PYTHONPATH=/home/jaygee/PicoWCar/build/pi5_pkg/prefix_override:/usr/lib/python3/dist-packages/colcon_core/task/python/colcon_distutils_commands:/home/jaygee/PicoWCar/install/pi5_pkg/lib/python3.12/site-packages:${PYTHONPATH} /usr/bin/python3 -W ignore:setup.py install is deprecated -W ignore:easy_install command is deprecated setup.py egg_info --egg-base ../../build/pi5_pkg build --build-base /home/jaygee/PicoWCar/build/pi5_pkg/build install --record /home/jaygee/PicoWCar/build/pi5_pkg/install.log --single-version-externally-managed install_data
