[2.868s] Invoking command in '/home/jaygee/PicoWCar/src/pi5_pkg/pico_sensors_node': DEBUGINFOD_URLS=https://debuginfod.ubuntu.com PYTHONPATH=/home/jaygee/PicoWCar/src/build/pico_sensors_node/prefix_override:/usr/lib/python3/dist-packages/colcon_core/task/python/colcon_distutils_commands:/home/jaygee/PicoWCar/src/install/pico_sensors_node/lib/python3.12/site-packages:${PYTHONPATH} /usr/bin/python3 -W ignore:setup.py install is deprecated -W ignore:easy_install command is deprecated setup.py egg_info --egg-base ../../build/pico_sensors_node build --build-base /home/jaygee/PicoWCar/src/build/pico_sensors_node/build install --record /home/jaygee/PicoWCar/src/build/pico_sensors_node/install.log --single-version-externally-managed install_data
[3.335s] running egg_info
[3.336s] creating ../../build/pico_sensors_node/pico_sensors_node.egg-info
[3.373s] writing ../../build/pico_sensors_node/pico_sensors_node.egg-info/PKG-INFO
[3.375s] writing dependency_links to ../../build/pico_sensors_node/pico_sensors_node.egg-info/dependency_links.txt
[3.376s] writing requirements to ../../build/pico_sensors_node/pico_sensors_node.egg-info/requires.txt
[3.377s] writing top-level names to ../../build/pico_sensors_node/pico_sensors_node.egg-info/top_level.txt
[3.378s] writing manifest file '../../build/pico_sensors_node/pico_sensors_node.egg-info/SOURCES.txt'
[3.446s] reading manifest file '../../build/pico_sensors_node/pico_sensors_node.egg-info/SOURCES.txt'
[3.447s] writing manifest file '../../build/pico_sensors_node/pico_sensors_node.egg-info/SOURCES.txt'
[3.450s] running build
[3.450s] running build_py
[3.451s] creating /home/jaygee/PicoWCar/src/build/pico_sensors_node/build
[3.452s] creating /home/jaygee/PicoWCar/src/build/pico_sensors_node/build/lib
[3.452s] creating /home/jaygee/PicoWCar/src/build/pico_sensors_node/build/lib/pico_sensors_node
[3.453s] copying pico_sensors_node/__init__.py -> /home/jaygee/PicoWCar/src/build/pico_sensors_node/build/lib/pico_sensors_node
[3.456s] running install
[3.468s] running install_lib
[3.501s] creating /home/jaygee/PicoWCar/src/install/pico_sensors_node/lib/python3.12/site-packages/pico_sensors_node
[3.502s] copying /home/jaygee/PicoWCar/src/build/pico_sensors_node/build/lib/pico_sensors_node/__init__.py -> /home/jaygee/PicoWCar/src/install/pico_sensors_node/lib/python3.12/site-packages/pico_sensors_node
[3.503s] byte-compiling /home/jaygee/PicoWCar/src/install/pico_sensors_node/lib/python3.12/site-packages/pico_sensors_node/__init__.py to __init__.cpython-312.pyc
[3.507s] running install_data
[3.509s] creating /home/jaygee/PicoWCar/src/install/pico_sensors_node/share/ament_index
[3.509s] creating /home/jaygee/PicoWCar/src/install/pico_sensors_node/share/ament_index/resource_index
[3.510s] creating /home/jaygee/PicoWCar/src/install/pico_sensors_node/share/ament_index/resource_index/packages
[3.510s] copying resource/pico_sensors_node -> /home/jaygee/PicoWCar/src/install/pico_sensors_node/share/ament_index/resource_index/packages
[3.512s] copying package.xml -> /home/jaygee/PicoWCar/src/install/pico_sensors_node/share/pico_sensors_node
[3.515s] running install_egg_info
[3.556s] Copying ../../build/pico_sensors_node/pico_sensors_node.egg-info to /home/jaygee/PicoWCar/src/install/pico_sensors_node/lib/python3.12/site-packages/pico_sensors_node-0.0.0-py3.12.egg-info
[3.558s] running install_scripts
[3.909s] writing list of installed files to '/home/jaygee/PicoWCar/src/build/pico_sensors_node/install.log'
[4.218s] Invoked command in '/home/jaygee/PicoWCar/src/pi5_pkg/pico_sensors_node' returned '0': DEBUGINFOD_URLS=https://debuginfod.ubuntu.com PYTHONPATH=/home/jaygee/PicoWCar/src/build/pico_sensors_node/prefix_override:/usr/lib/python3/dist-packages/colcon_core/task/python/colcon_distutils_commands:/home/jaygee/PicoWCar/src/install/pico_sensors_node/lib/python3.12/site-packages:${PYTHONPATH} /usr/bin/python3 -W ignore:setup.py install is deprecated -W ignore:easy_install command is deprecated setup.py egg_info --egg-base ../../build/pico_sensors_node build --build-base /home/jaygee/PicoWCar/src/build/pico_sensors_node/build install --record /home/jaygee/PicoWCar/src/build/pico_sensors_node/install.log --single-version-externally-managed install_data
