running egg_info
creating ../../build/smolvla_node/smolvla_node.egg-info
writing ../../build/smolvla_node/smolvla_node.egg-info/PKG-INFO
writing dependency_links to ../../build/smolvla_node/smolvla_node.egg-info/dependency_links.txt
writing requirements to ../../build/smolvla_node/smolvla_node.egg-info/requires.txt
writing top-level names to ../../build/smolvla_node/smolvla_node.egg-info/top_level.txt
writing manifest file '../../build/smolvla_node/smolvla_node.egg-info/SOURCES.txt'
reading manifest file '../../build/smolvla_node/smolvla_node.egg-info/SOURCES.txt'
writing manifest file '../../build/smolvla_node/smolvla_node.egg-info/SOURCES.txt'
running build
running build_py
creating /home/jaygee/PicoWCar/src/build/smolvla_node/build
creating /home/jaygee/PicoWCar/src/build/smolvla_node/build/lib
creating /home/jaygee/PicoWCar/src/build/smolvla_node/build/lib/smolvla_node
copying smolvla_node/__init__.py -> /home/jaygee/PicoWCar/src/build/smolvla_node/build/lib/smolvla_node
running install
running install_lib
creating /home/jaygee/PicoWCar/src/install/smolvla_node/lib/python3.12/site-packages/smolvla_node
copying /home/jaygee/PicoWCar/src/build/smolvla_node/build/lib/smolvla_node/__init__.py -> /home/jaygee/PicoWCar/src/install/smolvla_node/lib/python3.12/site-packages/smolvla_node
byte-compiling /home/jaygee/PicoWCar/src/install/smolvla_node/lib/python3.12/site-packages/smolvla_node/__init__.py to __init__.cpython-312.pyc
running install_data
creating /home/jaygee/PicoWCar/src/install/smolvla_node/share/ament_index
creating /home/jaygee/PicoWCar/src/install/smolvla_node/share/ament_index/resource_index
creating /home/jaygee/PicoWCar/src/install/smolvla_node/share/ament_index/resource_index/packages
copying resource/smolvla_node -> /home/jaygee/PicoWCar/src/install/smolvla_node/share/ament_index/resource_index/packages
copying package.xml -> /home/jaygee/PicoWCar/src/install/smolvla_node/share/smolvla_node
running install_egg_info
Copying ../../build/smolvla_node/smolvla_node.egg-info to /home/jaygee/PicoWCar/src/install/smolvla_node/lib/python3.12/site-packages/smolvla_node-0.0.0-py3.12.egg-info
running install_scripts
writing list of installed files to '/home/jaygee/PicoWCar/src/build/smolvla_node/install.log'
