[2.424s] Invoking command in '/home/jaygee/PicoWCar/docs/pi5_nodes/pico_control_node': DEBUGINFOD_URLS=https://debuginfod.ubuntu.com PYTHONPATH=/home/jaygee/PicoWCar/build/pico_control_node/prefix_override:/usr/lib/python3/dist-packages/colcon_core/task/python/colcon_distutils_commands:/home/jaygee/PicoWCar/install/pico_control_node/lib/python3.12/site-packages:${PYTHONPATH} /usr/bin/python3 -W ignore:setup.py install is deprecated -W ignore:easy_install command is deprecated setup.py egg_info --egg-base ../../../build/pico_control_node build --build-base /home/jaygee/PicoWCar/build/pico_control_node/build install --record /home/jaygee/PicoWCar/build/pico_control_node/install.log --single-version-externally-managed install_data
[2.876s] running egg_info
[2.903s] writing ../../../build/pico_control_node/pico_control_node.egg-info/PKG-INFO
[2.904s] writing dependency_links to ../../../build/pico_control_node/pico_control_node.egg-info/dependency_links.txt
[2.906s] writing requirements to ../../../build/pico_control_node/pico_control_node.egg-info/requires.txt
[2.907s] writing top-level names to ../../../build/pico_control_node/pico_control_node.egg-info/top_level.txt
[2.971s] reading manifest file '../../../build/pico_control_node/pico_control_node.egg-info/SOURCES.txt'
[2.973s] writing manifest file '../../../build/pico_control_node/pico_control_node.egg-info/SOURCES.txt'
[2.974s] running build
[2.975s] running build_py
[2.975s] running install
[2.988s] running install_lib
[3.023s] creating /home/jaygee/PicoWCar/install/pico_control_node/lib/python3.12/site-packages/pico_control_node
[3.023s] copying /home/jaygee/PicoWCar/build/pico_control_node/build/lib/pico_control_node/setup.py -> /home/jaygee/PicoWCar/install/pico_control_node/lib/python3.12/site-packages/pico_control_node
[3.024s] copying /home/jaygee/PicoWCar/build/pico_control_node/build/lib/pico_control_node/__init__.py -> /home/jaygee/PicoWCar/install/pico_control_node/lib/python3.12/site-packages/pico_control_node
[3.025s] byte-compiling /home/jaygee/PicoWCar/install/pico_control_node/lib/python3.12/site-packages/pico_control_node/setup.py to setup.cpython-312.pyc
[3.026s] byte-compiling /home/jaygee/PicoWCar/install/pico_control_node/lib/python3.12/site-packages/pico_control_node/__init__.py to __init__.cpython-312.pyc
[3.026s] running install_data
[3.026s] creating /home/jaygee/PicoWCar/install/pico_control_node/share/ament_index
[3.027s] creating /home/jaygee/PicoWCar/install/pico_control_node/share/ament_index/resource_index
[3.027s] creating /home/jaygee/PicoWCar/install/pico_control_node/share/ament_index/resource_index/packages
[3.028s] copying resource/pico_control_node -> /home/jaygee/PicoWCar/install/pico_control_node/share/ament_index/resource_index/packages
[3.028s] copying package.xml -> /home/jaygee/PicoWCar/install/pico_control_node/share/pico_control_node
[3.028s] running install_egg_info
[3.062s] Copying ../../../build/pico_control_node/pico_control_node.egg-info to /home/jaygee/PicoWCar/install/pico_control_node/lib/python3.12/site-packages/pico_control_node-0.0.0-py3.12.egg-info
[3.064s] running install_scripts
[3.314s] writing list of installed files to '/home/jaygee/PicoWCar/build/pico_control_node/install.log'
[3.785s] Invoked command in '/home/jaygee/PicoWCar/docs/pi5_nodes/pico_control_node' returned '0': DEBUGINFOD_URLS=https://debuginfod.ubuntu.com PYTHONPATH=/home/jaygee/PicoWCar/build/pico_control_node/prefix_override:/usr/lib/python3/dist-packages/colcon_core/task/python/colcon_distutils_commands:/home/jaygee/PicoWCar/install/pico_control_node/lib/python3.12/site-packages:${PYTHONPATH} /usr/bin/python3 -W ignore:setup.py install is deprecated -W ignore:easy_install command is deprecated setup.py egg_info --egg-base ../../../build/pico_control_node build --build-base /home/jaygee/PicoWCar/build/pico_control_node/build install --record /home/jaygee/PicoWCar/build/pico_control_node/install.log --single-version-externally-managed install_data
